[POSTERIOR][DEBUG] Cost evaluation
[POSTERIOR][DEBUG] parameter_vector in: [-0.33338509158217605, -0.33338509158217605], norm: 41.93237051677436
[POSTERIOR][DEBUG] Cache miss for SOLUTION, solving forward problem.
[POSTERIOR][DEBUG] likelihood_cost: 965166.4981421233
[POSTERIOR][DEBUG] prior_cost: 0.0
[POSTERIOR][DEBUG] total_cost: 965166.4981421233
[POSTERIOR][DEBUG] Likelihood gradient evaluation
[POSTERIOR][DEBUG] parameter_vector in: [-0.33338509158217605, -0.33338509158217605], norm: 41.93237051677436
[POSTERIOR][DEBUG] Cache miss for LIKELIHOOD_PARAMETER_GRADIENT, evaluating gradient.
[POSTERIOR][DEBUG] Cache hit for SOLUTION.
[POSTERIOR][DEBUG] Cache miss for LIKELIHOOD_SOLUTION_GRADIENT, evaluating gradient.
[POSTERIOR][DEBUG] Cache hit for SOLUTION.
[POSTERIOR][DEBUG] likelihood_gradient in: [-29647.96201573382, 31024.849476088195], norm: 150679.13573357378
[POSTERIOR][DEBUG] Cost evaluation
[POSTERIOR][DEBUG] parameter_vector in: [205736.3705223819, 702881.6491002544], norm: 59201656.12957898
[POSTERIOR][DEBUG] Cache miss for SOLUTION, solving forward problem.
[POSTERIOR][DEBUG] likelihood_cost: 3404337.3602437126
[POSTERIOR][DEBUG] prior_cost: 494139111451.4022
[POSTERIOR][DEBUG] total_cost: 494142515788.76245
[POSTERIOR][DEBUG] Cost evaluation
[POSTERIOR][DEBUG] parameter_vector in: [102868.01856864517, 351440.65785758145], norm: 29600808.396535322
[POSTERIOR][DEBUG] Cache miss for SOLUTION, solving forward problem.
[POSTERIOR][DEBUG] likelihood_cost: 2993049.716177798
[POSTERIOR][DEBUG] prior_cost: 123534777862.85056
[POSTERIOR][DEBUG] total_cost: 123537770912.56673
[POSTERIOR][DEBUG] Cost evaluation
[POSTERIOR][DEBUG] parameter_vector in: [51433.842591776796, 175720.1622362449], norm: 14800384.530016175
[POSTERIOR][DEBUG] Cache miss for SOLUTION, solving forward problem.
[POSTERIOR][DEBUG] likelihood_cost: 3075094.8190528573
[POSTERIOR][DEBUG] prior_cost: 30883694465.71264
[POSTERIOR][DEBUG] total_cost: 30886769560.531693
[POSTERIOR][DEBUG] Cost evaluation
[POSTERIOR][DEBUG] parameter_vector in: [25716.754603342608, 87859.91442557667], norm: 7400172.5967619475
[POSTERIOR][DEBUG] Cache miss for SOLUTION, solving forward problem.
[POSTERIOR][DEBUG] likelihood_cost: 3436817.9580762363
[POSTERIOR][DEBUG] prior_cost: 7720923616.42816
[POSTERIOR][DEBUG] total_cost: 7724360434.386236
[POSTERIOR][DEBUG] Cost evaluation
[POSTERIOR][DEBUG] parameter_vector in: [12858.210609125512, 43929.790520242546], norm: 3700066.630145523
[POSTERIOR][DEBUG] Cache miss for SOLUTION, solving forward problem.
[POSTERIOR][DEBUG] likelihood_cost: 3107297.92700318
[POSTERIOR][DEBUG] prior_cost: 1930230904.10704
[POSTERIOR][DEBUG] total_cost: 1933338202.034043
[POSTERIOR][DEBUG] Cost evaluation
[POSTERIOR][DEBUG] parameter_vector in: [6428.938612016965, 21964.728567575483], norm: 1850013.6468586924
[POSTERIOR][DEBUG] Cache miss for SOLUTION, solving forward problem.
[POSTERIOR][DEBUG] likelihood_cost: 3152383.358300736
[POSTERIOR][DEBUG] prior_cost: 482557726.02676
[POSTERIOR][DEBUG] total_cost: 485710109.3850607
[POSTERIOR][DEBUG] Cost evaluation
[POSTERIOR][DEBUG] parameter_vector in: [3214.302613462691, 10982.19759124195], norm: 924987.1552580415
[POSTERIOR][DEBUG] Cache miss for SOLUTION, solving forward problem.
[POSTERIOR][DEBUG] likelihood_cost: 3198850.599304421
[POSTERIOR][DEBUG] prior_cost: 120639431.50669
[POSTERIOR][DEBUG] total_cost: 123838282.10599442
[POSTERIOR][DEBUG] Cost evaluation
[POSTERIOR][DEBUG] parameter_vector in: [1606.9846141855546, 5490.9321030751835], norm: 462473.90954325144
[POSTERIOR][DEBUG] Cache miss for SOLUTION, solving forward problem.
[POSTERIOR][DEBUG] likelihood_cost: 3351811.804540535
[POSTERIOR][DEBUG] prior_cost: 30159857.8766725
[POSTERIOR][DEBUG] total_cost: 33511669.681213032
[POSTERIOR][DEBUG] Cost evaluation
[POSTERIOR][DEBUG] parameter_vector in: [803.3256145469862, 2745.2993589918005], norm: 231217.28685695323
[POSTERIOR][DEBUG] Cache miss for SOLUTION, solving forward problem.
[POSTERIOR][DEBUG] likelihood_cost: 3157235.272985567
[POSTERIOR][DEBUG] prior_cost: 7539964.469168125
[POSTERIOR][DEBUG] total_cost: 10697199.742153691
[POSTERIOR][DEBUG] Cost evaluation
[POSTERIOR][DEBUG] parameter_vector in: [401.49611472770204, 1372.4829869501093], norm: 115588.97585609919
[POSTERIOR][DEBUG] Cache miss for SOLUTION, solving forward problem.
[POSTERIOR][DEBUG] likelihood_cost: 2890434.175676662
[POSTERIOR][DEBUG] prior_cost: 1884991.1172920312
[POSTERIOR][DEBUG] total_cost: 4775425.292968693
[POSTERIOR][DEBUG] Cost evaluation
[POSTERIOR][DEBUG] parameter_vector in: [200.5813648180599, 686.0748009292636], norm: 57774.82104067024
[POSTERIOR][DEBUG] Cache miss for SOLUTION, solving forward problem.
[POSTERIOR][DEBUG] likelihood_cost: 3147626.897003507
[POSTERIOR][DEBUG] prior_cost: 471247.7793230078
[POSTERIOR][DEBUG] total_cost: 3618874.6763265147
[POSTERIOR][DEBUG] Cost evaluation
[POSTERIOR][DEBUG] parameter_vector in: [100.12398986323888, 342.8707079188407], norm: 28867.745004585264
[POSTERIOR][DEBUG] Cache miss for SOLUTION, solving forward problem.
[POSTERIOR][DEBUG] likelihood_cost: 3315867.420752481
[POSTERIOR][DEBUG] prior_cost: 117811.94483075195
[POSTERIOR][DEBUG] total_cost: 3433679.365583233
[POSTERIOR][DEBUG] Cost evaluation
[POSTERIOR][DEBUG] parameter_vector in: [49.89530238582835, 171.26866141362925], norm: 14414.209736351142
[POSTERIOR][DEBUG] Cache miss for SOLUTION, solving forward problem.
[POSTERIOR][DEBUG] likelihood_cost: 2963983.7554923184
[POSTERIOR][DEBUG] prior_cost: 29452.986207687987
[POSTERIOR][DEBUG] total_cost: 2993436.741700006
[POSTERIOR][DEBUG] Cost evaluation
[POSTERIOR][DEBUG] parameter_vector in: [24.780958647123086, 85.46763816102354], norm: 7187.447628178366
[POSTERIOR][DEBUG] Cache miss for SOLUTION, solving forward problem.
[POSTERIOR][DEBUG] likelihood_cost: 3592562.9795588716
[POSTERIOR][DEBUG] prior_cost: 7363.246551921997
[POSTERIOR][DEBUG] total_cost: 3599926.2261107937
[POSTERIOR][DEBUG] Cost evaluation
[POSTERIOR][DEBUG] parameter_vector in: [12.223786777770455, 42.567126534720686], norm: 3574.077732339008
[POSTERIOR][DEBUG] Cache miss for SOLUTION, solving forward problem.
[POSTERIOR][DEBUG] likelihood_cost: 3187418.0453586522
[POSTERIOR][DEBUG] prior_cost: 1840.8116379804992
[POSTERIOR][DEBUG] total_cost: 3189258.8569966326
[POSTERIOR][DEBUG] Cost evaluation
[POSTERIOR][DEBUG] parameter_vector in: [5.945200843094139, 21.116870721569253], norm: 1767.415534901664
[POSTERIOR][DEBUG] Cache miss for SOLUTION, solving forward problem.
[POSTERIOR][DEBUG] likelihood_cost: 3879539.8606503285
[POSTERIOR][DEBUG] prior_cost: 460.2029094951248
[POSTERIOR][DEBUG] total_cost: 3880000.0635598237
[POSTERIOR][DEBUG] Cost evaluation
[POSTERIOR][DEBUG] parameter_vector in: [2.805907875755982, 10.391742814993538], norm: 864.1317443220347
[POSTERIOR][DEBUG] Cache miss for SOLUTION, solving forward problem.
[POSTERIOR][DEBUG] likelihood_cost: 1580557.6116426943
[POSTERIOR][DEBUG] prior_cost: 115.0507273737812
[POSTERIOR][DEBUG] total_cost: 1580672.662370068
[POSTERIOR][DEBUG] Cost evaluation
[POSTERIOR][DEBUG] parameter_vector in: [1.2362613920869028, 5.029178861705681], norm: 412.59231199665925
[POSTERIOR][DEBUG] Cache miss for SOLUTION, solving forward problem.
[POSTERIOR][DEBUG] likelihood_cost: 1930226.825806135
[POSTERIOR][DEBUG] prior_cost: 28.7626818434453
[POSTERIOR][DEBUG] total_cost: 1930255.5884879786
[POSTERIOR][DEBUG] Cost evaluation
[POSTERIOR][DEBUG] parameter_vector in: [0.4514381502523634, 2.3478968850617528], norm: 187.06475986236583
[POSTERIOR][DEBUG] Cache miss for SOLUTION, solving forward problem.
[POSTERIOR][DEBUG] likelihood_cost: 6125193.283251956
[POSTERIOR][DEBUG] prior_cost: 7.190670460861274
[POSTERIOR][DEBUG] total_cost: 6125200.473922417
[POSTERIOR][DEBUG] Cost evaluation
[POSTERIOR][DEBUG] parameter_vector in: [0.05902652933509367, 1.0072558967397882], norm: 75.00158453901756
[POSTERIOR][DEBUG] Cache miss for SOLUTION, solving forward problem.
[POSTERIOR][DEBUG] likelihood_cost: 3967644.6697602067
[POSTERIOR][DEBUG] prior_cost: 1.797667615215318
[POSTERIOR][DEBUG] total_cost: 3967646.467427822
[POSTERIOR][DEBUG] Cost evaluation
[POSTERIOR][DEBUG] parameter_vector in: [-0.1371792811235412, 0.3369354025788061], norm: 22.45320915059763
[POSTERIOR][DEBUG] Cache miss for SOLUTION, solving forward problem.
[POSTERIOR][DEBUG] likelihood_cost: 1779780.8668977863
[POSTERIOR][DEBUG] prior_cost: 0.4494169038038328
[POSTERIOR][DEBUG] total_cost: 1779781.31631469
[POSTERIOR][DEBUG] Cost evaluation
[POSTERIOR][DEBUG] parameter_vector in: [-0.23528218635285864, 0.0017751554983150286], norm: 18.28460081280002
[POSTERIOR][DEBUG] Cache miss for SOLUTION, solving forward problem.
[POSTERIOR][DEBUG] likelihood_cost: 990009.5183873513
[POSTERIOR][DEBUG] prior_cost: 0.1123542259509575
[POSTERIOR][DEBUG] total_cost: 990009.6307415772
[POSTERIOR][DEBUG] Cost evaluation
[POSTERIOR][DEBUG] parameter_vector in: [-0.28433363896751734, -0.1658049680419305], norm: 29.10494857324155
[POSTERIOR][DEBUG] Cache miss for SOLUTION, solving forward problem.
[POSTERIOR][DEBUG] likelihood_cost: 849645.1320308511
[POSTERIOR][DEBUG] prior_cost: 0.028088556487739235
[POSTERIOR][DEBUG] total_cost: 849645.1601194076
[POSTERIOR][DEBUG] Likelihood gradient evaluation
[POSTERIOR][DEBUG] parameter_vector in: [-0.28433363896751734, -0.1658049680419305], norm: 29.10494857324155
[POSTERIOR][DEBUG] Cache miss for LIKELIHOOD_PARAMETER_GRADIENT, evaluating gradient.
[POSTERIOR][DEBUG] Cache hit for SOLUTION.
[POSTERIOR][DEBUG] Cache miss for LIKELIHOOD_SOLUTION_GRADIENT, evaluating gradient.
[POSTERIOR][DEBUG] Cache hit for SOLUTION.
[POSTERIOR][DEBUG] likelihood_gradient in: [-22925.15573783727, 29423.30903348527], norm: 121620.20368847852
[POSTERIOR][DEBUG] Cost evaluation
[POSTERIOR][DEBUG] parameter_vector in: [-2767.2280932451176, 2894.6639322903507], norm: 229830.88869224855
[POSTERIOR][DEBUG] Cache miss for SOLUTION, solving forward problem.
[POSTERIOR][DEBUG] likelihood_cost: 2983157.6196013363
[POSTERIOR][DEBUG] prior_cost: 25210041.676437467
[POSTERIOR][DEBUG] total_cost: 28193199.296038803
[POSTERIOR][DEBUG] Cost evaluation
[POSTERIOR][DEBUG] parameter_vector in: [-1383.755740414623, 1447.2490636611542], norm: 114920.01135541838
[POSTERIOR][DEBUG] Cache miss for SOLUTION, solving forward problem.
[POSTERIOR][DEBUG] likelihood_cost: 3160112.5969062396
[POSTERIOR][DEBUG] prior_cost: 6302729.495850933
[POSTERIOR][DEBUG] total_cost: 9462842.092757173
[POSTERIOR][DEBUG] Cost evaluation
[POSTERIOR][DEBUG] parameter_vector in: [-692.0195639993759, 723.5416293465562], norm: 57464.5751787594
[POSTERIOR][DEBUG] Cache miss for SOLUTION, solving forward problem.
[POSTERIOR][DEBUG] likelihood_cost: 2960140.8492556736
[POSTERIOR][DEBUG] prior_cost: 1575791.9228667244
[POSTERIOR][DEBUG] total_cost: 4535932.772122398
[POSTERIOR][DEBUG] Cost evaluation
[POSTERIOR][DEBUG] parameter_vector in: [-346.15147579175226, 361.68791218925713], norm: 28736.862072554843
[POSTERIOR][DEBUG] Cache miss for SOLUTION, solving forward problem.
[POSTERIOR][DEBUG] likelihood_cost: 3084835.9612394515
[POSTERIOR][DEBUG] prior_cost: 394002.7657018861
[POSTERIOR][DEBUG] total_cost: 3478838.726941338
[POSTERIOR][DEBUG] Cost evaluation
[POSTERIOR][DEBUG] parameter_vector in: [-173.21743168794046, 180.7610536106076], norm: 14373.015478149726
[POSTERIOR][DEBUG] Cache miss for SOLUTION, solving forward problem.
