[PRIOR][DEBUG] Prior cost evaluation
[PRIOR][DEBUG] input_vector in: [-0.33338509158217605, -0.33338509158217605], norm: 41.93237051677436
[PRIOR][DEBUG] Krylov solver converged: CONVERGED_ATOL after 0 iterations, residual norm 0.0.
[PRIOR][DEBUG] prior_cost: 0.0
[PRIOR][DEBUG] Krylov solver converged: CONVERGED_RTOL after 19 iterations, residual norm 1.4713521153359306e-06.
[PRIOR][DEBUG] Krylov solver converged: CONVERGED_RTOL after 19 iterations, residual norm 1.4195117678680736e-05.
[PRIOR][DEBUG] Krylov solver converged: CONVERGED_RTOL after 20 iterations, residual norm 2.289226308994326e-06.
[PRIOR][DEBUG] Krylov solver converged: CONVERGED_RTOL after 20 iterations, residual norm 2.289226308994326e-06.
[PRIOR][DEBUG] Prior cost evaluation
[PRIOR][DEBUG] input_vector in: [205736.3705223819, 702881.6491002544], norm: 59201656.12957898
[PRIOR][DEBUG] Krylov solver converged: CONVERGED_RTOL after 20 iterations, residual norm 2.289226308994326e-06.
[PRIOR][DEBUG] prior_cost: 494139111451.4022
[PRIOR][DEBUG] Prior cost evaluation
[PRIOR][DEBUG] input_vector in: [102868.01856864517, 351440.65785758145], norm: 29600808.396535322
[PRIOR][DEBUG] Krylov solver converged: CONVERGED_RTOL after 20 iterations, residual norm 1.144613154497163e-06.
[PRIOR][DEBUG] prior_cost: 123534777862.85056
[PRIOR][DEBUG] Prior cost evaluation
[PRIOR][DEBUG] input_vector in: [51433.842591776796, 175720.1622362449], norm: 14800384.530016175
[PRIOR][DEBUG] Krylov solver converged: CONVERGED_RTOL after 20 iterations, residual norm 5.723065772485815e-07.
[PRIOR][DEBUG] prior_cost: 30883694465.71264
[PRIOR][DEBUG] Prior cost evaluation
[PRIOR][DEBUG] input_vector in: [25716.754603342608, 87859.91442557667], norm: 7400172.5967619475
[PRIOR][DEBUG] Krylov solver converged: CONVERGED_RTOL after 20 iterations, residual norm 2.861532886242907e-07.
[PRIOR][DEBUG] prior_cost: 7720923616.42816
[PRIOR][DEBUG] Prior cost evaluation
[PRIOR][DEBUG] input_vector in: [12858.210609125512, 43929.790520242546], norm: 3700066.630145523
[PRIOR][DEBUG] Krylov solver converged: CONVERGED_RTOL after 20 iterations, residual norm 1.4307664431214536e-07.
[PRIOR][DEBUG] prior_cost: 1930230904.10704
[PRIOR][DEBUG] Prior cost evaluation
[PRIOR][DEBUG] input_vector in: [6428.938612016965, 21964.728567575483], norm: 1850013.6468586924
[PRIOR][DEBUG] Krylov solver converged: CONVERGED_RTOL after 20 iterations, residual norm 7.153832215607268e-08.
[PRIOR][DEBUG] prior_cost: 482557726.02676
[PRIOR][DEBUG] Prior cost evaluation
[PRIOR][DEBUG] input_vector in: [3214.302613462691, 10982.19759124195], norm: 924987.1552580415
[PRIOR][DEBUG] Krylov solver converged: CONVERGED_RTOL after 20 iterations, residual norm 3.576916107803634e-08.
[PRIOR][DEBUG] prior_cost: 120639431.50669
[PRIOR][DEBUG] Prior cost evaluation
[PRIOR][DEBUG] input_vector in: [1606.9846141855546, 5490.9321030751835], norm: 462473.90954325144
[PRIOR][DEBUG] Krylov solver converged: CONVERGED_RTOL after 20 iterations, residual norm 1.788458053901817e-08.
[PRIOR][DEBUG] prior_cost: 30159857.8766725
[PRIOR][DEBUG] Prior cost evaluation
[PRIOR][DEBUG] input_vector in: [803.3256145469862, 2745.2993589918005], norm: 231217.28685695323
[PRIOR][DEBUG] Krylov solver converged: CONVERGED_RTOL after 20 iterations, residual norm 8.942290269509085e-09.
[PRIOR][DEBUG] prior_cost: 7539964.469168125
[PRIOR][DEBUG] Prior cost evaluation
[PRIOR][DEBUG] input_vector in: [401.49611472770204, 1372.4829869501093], norm: 115588.97585609919
[PRIOR][DEBUG] Krylov solver converged: CONVERGED_RTOL after 20 iterations, residual norm 4.4711451347545426e-09.
[PRIOR][DEBUG] prior_cost: 1884991.1172920312
[PRIOR][DEBUG] Prior cost evaluation
[PRIOR][DEBUG] input_vector in: [200.5813648180599, 686.0748009292636], norm: 57774.82104067024
[PRIOR][DEBUG] Krylov solver converged: CONVERGED_RTOL after 20 iterations, residual norm 2.2355725673772713e-09.
[PRIOR][DEBUG] prior_cost: 471247.7793230078
[PRIOR][DEBUG] Prior cost evaluation
[PRIOR][DEBUG] input_vector in: [100.12398986323888, 342.8707079188407], norm: 28867.745004585264
[PRIOR][DEBUG] Krylov solver converged: CONVERGED_RTOL after 20 iterations, residual norm 1.1177862836886356e-09.
[PRIOR][DEBUG] prior_cost: 117811.94483075195
[PRIOR][DEBUG] Prior cost evaluation
[PRIOR][DEBUG] input_vector in: [49.89530238582835, 171.26866141362925], norm: 14414.209736351142
[PRIOR][DEBUG] Krylov solver converged: CONVERGED_RTOL after 20 iterations, residual norm 5.588931418443178e-10.
[PRIOR][DEBUG] prior_cost: 29452.986207687987
[PRIOR][DEBUG] Prior cost evaluation
[PRIOR][DEBUG] input_vector in: [24.780958647123086, 85.46763816102354], norm: 7187.447628178366
[PRIOR][DEBUG] Krylov solver converged: CONVERGED_RTOL after 20 iterations, residual norm 2.794465709221589e-10.
[PRIOR][DEBUG] prior_cost: 7363.246551921997
[PRIOR][DEBUG] Prior cost evaluation
[PRIOR][DEBUG] input_vector in: [12.223786777770455, 42.567126534720686], norm: 3574.077732339008
[PRIOR][DEBUG] Krylov solver converged: CONVERGED_RTOL after 20 iterations, residual norm 1.3972328546107946e-10.
[PRIOR][DEBUG] prior_cost: 1840.8116379804992
[PRIOR][DEBUG] Prior cost evaluation
[PRIOR][DEBUG] input_vector in: [5.945200843094139, 21.116870721569253], norm: 1767.415534901664
[PRIOR][DEBUG] Krylov solver converged: CONVERGED_RTOL after 20 iterations, residual norm 6.986164273053973e-11.
[PRIOR][DEBUG] prior_cost: 460.2029094951248
[PRIOR][DEBUG] Prior cost evaluation
[PRIOR][DEBUG] input_vector in: [2.805907875755982, 10.391742814993538], norm: 864.1317443220347
[PRIOR][DEBUG] Krylov solver converged: CONVERGED_RTOL after 20 iterations, residual norm 3.4930821365269864e-11.
[PRIOR][DEBUG] prior_cost: 115.0507273737812
[PRIOR][DEBUG] Prior cost evaluation
[PRIOR][DEBUG] input_vector in: [1.2362613920869028, 5.029178861705681], norm: 412.59231199665925
[PRIOR][DEBUG] Krylov solver converged: CONVERGED_RTOL after 20 iterations, residual norm 1.7465410682634932e-11.
[PRIOR][DEBUG] prior_cost: 28.7626818434453
[PRIOR][DEBUG] Prior cost evaluation
[PRIOR][DEBUG] input_vector in: [0.4514381502523634, 2.3478968850617528], norm: 187.06475986236583
[PRIOR][DEBUG] Krylov solver converged: CONVERGED_RTOL after 20 iterations, residual norm 8.732705341316083e-12.
[PRIOR][DEBUG] prior_cost: 7.190670460861274
[PRIOR][DEBUG] Prior cost evaluation
[PRIOR][DEBUG] input_vector in: [0.05902652933509367, 1.0072558967397882], norm: 75.00158453901756
[PRIOR][DEBUG] Krylov solver converged: CONVERGED_RTOL after 20 iterations, residual norm 4.366352670633493e-12.
[PRIOR][DEBUG] prior_cost: 1.797667615215318
[PRIOR][DEBUG] Prior cost evaluation
[PRIOR][DEBUG] input_vector in: [-0.1371792811235412, 0.3369354025788061], norm: 22.45320915059763
[PRIOR][DEBUG] Krylov solver converged: CONVERGED_RTOL after 20 iterations, residual norm 2.1831763353293665e-12.
[PRIOR][DEBUG] prior_cost: 0.4494169038038328
[PRIOR][DEBUG] Prior cost evaluation
[PRIOR][DEBUG] input_vector in: [-0.23528218635285864, 0.0017751554983150286], norm: 18.28460081280002
[PRIOR][DEBUG] Krylov solver converged: CONVERGED_RTOL after 20 iterations, residual norm 1.0915881676639855e-12.
[PRIOR][DEBUG] prior_cost: 0.1123542259509575
[PRIOR][DEBUG] Prior cost evaluation
[PRIOR][DEBUG] input_vector in: [-0.28433363896751734, -0.1658049680419305], norm: 29.10494857324155
[PRIOR][DEBUG] Krylov solver converged: CONVERGED_RTOL after 20 iterations, residual norm 5.457940838304774e-13.
[PRIOR][DEBUG] prior_cost: 0.028088556487739235
[PRIOR][DEBUG] Krylov solver converged: CONVERGED_RTOL after 20 iterations, residual norm 1.790141198952824e-07.
[PRIOR][DEBUG] Krylov solver converged: CONVERGED_RTOL after 19 iterations, residual norm 8.910119567351706e-06.
[PRIOR][DEBUG] Krylov solver converged: CONVERGED_RTOL after 20 iterations, residual norm 5.457940838304774e-13.
[PRIOR][DEBUG] Krylov solver converged: CONVERGED_RTOL after 20 iterations, residual norm 2.289226308994326e-06.
[PRIOR][DEBUG] Krylov solver converged: CONVERGED_RTOL after 20 iterations, residual norm 5.457940838304774e-13.
[PRIOR][DEBUG] Krylov solver converged: CONVERGED_RTOL after 19 iterations, residual norm 3.4398731851898916e-06.
[PRIOR][DEBUG] Krylov solver converged: CONVERGED_RTOL after 20 iterations, residual norm 1.77670904756488e-06.
[PRIOR][DEBUG] Krylov solver converged: CONVERGED_RTOL after 20 iterations, residual norm 1.77670904756488e-06.
[PRIOR][DEBUG] Krylov solver converged: CONVERGED_RTOL after 19 iterations, residual norm 3.4398731851898916e-06.
[PRIOR][DEBUG] Krylov solver converged: CONVERGED_RTOL after 19 iterations, residual norm 3.4398731851898916e-06.
[PRIOR][DEBUG] Krylov solver converged: CONVERGED_RTOL after 20 iterations, residual norm 1.7767651606515906e-08.
[PRIOR][DEBUG] Krylov solver converged: CONVERGED_RTOL after 20 iterations, residual norm 2.5493030862189664e-08.
[PRIOR][DEBUG] Prior cost evaluation
[PRIOR][DEBUG] input_vector in: [-2767.2280932451176, 2894.6639322903507], norm: 229830.88869224855
[PRIOR][DEBUG] Krylov solver converged: CONVERGED_RTOL after 20 iterations, residual norm 2.5493546983978786e-08.
[PRIOR][DEBUG] prior_cost: 25210041.676437467
[PRIOR][DEBUG] Prior cost evaluation
[PRIOR][DEBUG] input_vector in: [-1383.755740414623, 1447.2490636611542], norm: 114920.01135541838
[PRIOR][DEBUG] Krylov solver converged: CONVERGED_RTOL after 20 iterations, residual norm 1.2747031553631431e-08.
[PRIOR][DEBUG] prior_cost: 6302729.495850933
[PRIOR][DEBUG] Prior cost evaluation
[PRIOR][DEBUG] input_vector in: [-692.0195639993759, 723.5416293465562], norm: 57464.5751787594
[PRIOR][DEBUG] Krylov solver converged: CONVERGED_RTOL after 20 iterations, residual norm 6.373773839805611e-09.
[PRIOR][DEBUG] prior_cost: 1575791.9228667244
[PRIOR][DEBUG] Prior cost evaluation
[PRIOR][DEBUG] input_vector in: [-346.15147579175226, 361.68791218925713], norm: 28736.862072554843
[PRIOR][DEBUG] Krylov solver converged: CONVERGED_RTOL after 20 iterations, residual norm 3.1871449854944207e-09.
[PRIOR][DEBUG] prior_cost: 394002.7657018861
