Run started 2026-10-05T23:29:49+02:00
Command: scripts/run.py --overwrite --run-dir example_data/reference config:example-synthetic
Log file: example_data/reference/run.log

MAP run settings
  ground truth   : SyntheticGroundTruthStrategy(settings=SyntheticGroundTruthSettings(kappa=0.05, tau=10.0, seed=0))
  observations   : ObservationSamplingSettings(num_observations=1000, noise_variance=0.001, seed=0)
  prior          : PriorParameters(kappa=0.05, tau=10.0, seed=0)
  interpolation  : NearestNeighborInterpolationStrategy()
  eikonal solver : EikonalSolverSettings(initial_site_ind=12650, longitudinal_velocity=1.5, transversal_velocity=1.0, solver_tolerance=1e-06, max_num_iterations=1000, max_value=1000.0, use_soft_update=True, softminmax_order=20, softminmax_cutoff=0.01)
  optimizer      : CustomLBFGSStrategy(lbfgs_settings=CustomLBFGSSettings(memory_size=10, maximum_num_iterations=1000, gradient_norm_tolerance=100.0), line_search_settings=ArmijoBacktrackingLineSearchSettings(initial_step_size=1.0, sufficient_decrease_constant=0.0001, backtracking_factor=2.0, max_backtracking_steps=50), cautious_update_settings=CautiousUpdateSettings(epsilon=1e-06, alpha=1.0), seed_scaling_settings=BarzilaiBorweinSeedScalingSettings(gamma_min=1e-10, gamma_max=100.0, fallback_value=1e-06))

[1/6] Loading raw data from /home/max/4-Code/bayes-cep/example_data/raw ...
      done in 0.04 s
      mesh: 15820 vertices, 31375 triangles
[2/6] Building ground truth and prior mean (SyntheticGroundTruthStrategy) ...
      done in 1.54 s
      ground truth [rad]: shape (15820,), min -1.681, max 1.459, mean -0.05676
      prior mean angle: -0.1117 rad
[3/6] Generating synthetic observations ...
      done in 5.18 s
      observed 1000 of 15820 vertices
[4/6] Building the posterior ...
      done in 1.76 s
[5/6] Building the optimizer (CustomLBFGSStrategy) ...
      done in 0.00 s
[6/6] Running MAP estimation ...
      done in 2476.91 s
      MAP estimation did not converge after 1000 iterations
      status: Did not converge within 1000 iterations.
      loss: 5.896832e+05 -> 5.216515e+02
      axial error of the MAP: mean 0.0409 rad
