Run started 2026-10-04T15:26:13+02:00
Command: scripts/run_map.py --data-dir example_data
Log file: example_data/logs/run_map.log

MAP estimation settings
  data directory : example_data
  prior          : InferencePriorSettings(kappa=0.05, tau=10.0, seed=0)
  noise variance : 0.001
  interpolation  : NearestNeighborInterpolationStrategy()
  eikonal solver : EikonalSolverSettings(initial_site_ind=12650, longitudinal_velocity=1.5, transversal_velocity=1.0, solver_tolerance=1e-06, max_num_iterations=1000, max_value=1000.0, use_soft_update=True, softminmax_order=20, softminmax_cutoff=0.01)
  optimizer      : CustomLBFGSStrategy(lbfgs_settings=CustomLBFGSSettings(memory_size=10, maximum_num_iterations=1000, gradient_norm_tolerance=100.0), line_search_settings=ArmijoBacktrackingLineSearchSettings(initial_step_size=1.0, sufficient_decrease_constant=0.0001, backtracking_factor=2.0, max_backtracking_steps=50), cautious_update_settings=CautiousUpdateSettings(epsilon=1e-06, alpha=1.0), seed_scaling_settings=BarzilaiBorweinSeedScalingSettings(gamma_min=1e-10, gamma_max=100.0, fallback_value=1e-06))

[1/5] Loading raw and preprocessed data from example_data ...
      done in 0.02 s
      mesh: 15820 vertices, 31375 triangles
      observed 1000 of 15820 vertices
      observed activation times: shape (1000,), min 1.154, max 42.11, mean 22.47
[2/5] Building the posterior (SPDE prior, NearestNeighborInterpolationStrategy forward map) ...
      done in 0.87 s
[3/5] Building the optimizer (CustomLBFGSStrategy) ...
      done in 0.00 s
[4/5] Running MAP estimation (iteration table: console and optimizer log) ...
      done in 1109.04 s
      MAP estimation converged after 952 iterations
      status: Converged: gradient norm 8.724e+01 <= tolerance 1.000e+02.
      loss: 5.896832e+05 -> 5.212889e+02
      gradient norm: 4.770043e+05 -> 8.723508e+01
      MAP estimate [rad]: shape (15820,), min -0.9044, max 1.361, mean -0.05294
[5/5] Writing outputs to example_data/map ...
      done in 0.00 s
      map_estimate.npy (15820,) float64
      map_loss_history.npy (952,) float64
      map_gradient_norm_history.npy (952,) float64
MAP estimation finished.
